// Jest Snapshot v1, https://goo.gl/fbAQLP

exports[`ReviewForm should match snapshot with correct data 1`] = `
ShallowWrapper {
  Symbol(enzyme.__root__): [Circular],
  Symbol(enzyme.__unrendered__): <ReviewForm
    addReview={[MockFunction]}
    reviews={
      Array [
        Object {
          "caption": "loved it",
          "label": "brie croissants",
          "name": "Tanjie",
          "rating": 4,
        },
      ]
    }
  />,
  Symbol(enzyme.__renderer__): Object {
    "batchedUpdates": [Function],
    "getNode": [Function],
    "render": [Function],
    "simulateError": [Function],
    "simulateEvent": [Function],
    "unmount": [Function],
  },
  Symbol(enzyme.__node__): Object {
    "instance": null,
    "key": undefined,
    "nodeType": "host",
    "props": Object {
      "children": <form
        onSubmit={[Function]}
      >
        <input
          name="name"
          onChange={[Function]}
          placeholder="Enter your name"
          type="text"
          value=""
        />
        <input
          name="caption"
          onChange={[Function]}
          placeholder="Add a comment..."
          type="text"
          value=""
        />
        <h2>
          Rating from state: 
          0
        </h2>
        <StarRatingComponent
          className="star-ratings"
          editing={true}
          emptyStarColor="#000"
          name="rate1"
          onStarClick={[Function]}
          starColor="#ffb400"
          starCount={5}
          value={0}
        />
        <input
          type="submit"
        />
      </form>,
      "className": "review",
    },
    "ref": null,
    "rendered": Object {
      "instance": null,
      "key": undefined,
      "nodeType": "host",
      "props": Object {
        "children": Array [
          <input
            name="name"
            onChange={[Function]}
            placeholder="Enter your name"
            type="text"
            value=""
          />,
          <input
            name="caption"
            onChange={[Function]}
            placeholder="Add a comment..."
            type="text"
            value=""
          />,
          <h2>
            Rating from state: 
            0
          </h2>,
          <StarRatingComponent
            className="star-ratings"
            editing={true}
            emptyStarColor="#000"
            name="rate1"
            onStarClick={[Function]}
            starColor="#ffb400"
            starCount={5}
            value={0}
          />,
          <input
            type="submit"
          />,
        ],
        "onSubmit": [Function],
      },
      "ref": null,
      "rendered": Array [
        Object {
          "instance": null,
          "key": undefined,
          "nodeType": "host",
          "props": Object {
            "name": "name",
            "onChange": [Function],
            "placeholder": "Enter your name",
            "type": "text",
            "value": "",
          },
          "ref": null,
          "rendered": null,
          "type": "input",
        },
        Object {
          "instance": null,
          "key": undefined,
          "nodeType": "host",
          "props": Object {
            "name": "caption",
            "onChange": [Function],
            "placeholder": "Add a comment...",
            "type": "text",
            "value": "",
          },
          "ref": null,
          "rendered": null,
          "type": "input",
        },
        Object {
          "instance": null,
          "key": undefined,
          "nodeType": "host",
          "props": Object {
            "children": Array [
              "Rating from state: ",
              0,
            ],
          },
          "ref": null,
          "rendered": Array [
            "Rating from state: ",
            0,
          ],
          "type": "h2",
        },
        Object {
          "instance": null,
          "key": undefined,
          "nodeType": "class",
          "props": Object {
            "className": "star-ratings",
            "editing": true,
            "emptyStarColor": "#000",
            "name": "rate1",
            "onStarClick": [Function],
            "starColor": "#ffb400",
            "starCount": 5,
            "value": 0,
          },
          "ref": null,
          "rendered": null,
          "type": [Function],
        },
        Object {
          "instance": null,
          "key": undefined,
          "nodeType": "host",
          "props": Object {
            "type": "submit",
          },
          "ref": null,
          "rendered": null,
          "type": "input",
        },
      ],
      "type": "form",
    },
    "type": "div",
  },
  Symbol(enzyme.__nodes__): Array [
    Object {
      "instance": null,
      "key": undefined,
      "nodeType": "host",
      "props": Object {
        "children": <form
          onSubmit={[Function]}
        >
          <input
            name="name"
            onChange={[Function]}
            placeholder="Enter your name"
            type="text"
            value=""
          />
          <input
            name="caption"
            onChange={[Function]}
            placeholder="Add a comment..."
            type="text"
            value=""
          />
          <h2>
            Rating from state: 
            0
          </h2>
          <StarRatingComponent
            className="star-ratings"
            editing={true}
            emptyStarColor="#000"
            name="rate1"
            onStarClick={[Function]}
            starColor="#ffb400"
            starCount={5}
            value={0}
          />
          <input
            type="submit"
          />
        </form>,
        "className": "review",
      },
      "ref": null,
      "rendered": Object {
        "instance": null,
        "key": undefined,
        "nodeType": "host",
        "props": Object {
          "children": Array [
            <input
              name="name"
              onChange={[Function]}
              placeholder="Enter your name"
              type="text"
              value=""
            />,
            <input
              name="caption"
              onChange={[Function]}
              placeholder="Add a comment..."
              type="text"
              value=""
            />,
            <h2>
              Rating from state: 
              0
            </h2>,
            <StarRatingComponent
              className="star-ratings"
              editing={true}
              emptyStarColor="#000"
              name="rate1"
              onStarClick={[Function]}
              starColor="#ffb400"
              starCount={5}
              value={0}
            />,
            <input
              type="submit"
            />,
          ],
          "onSubmit": [Function],
        },
        "ref": null,
        "rendered": Array [
          Object {
            "instance": null,
            "key": undefined,
            "nodeType": "host",
            "props": Object {
              "name": "name",
              "onChange": [Function],
              "placeholder": "Enter your name",
              "type": "text",
              "value": "",
            },
            "ref": null,
            "rendered": null,
            "type": "input",
          },
          Object {
            "instance": null,
            "key": undefined,
            "nodeType": "host",
            "props": Object {
              "name": "caption",
              "onChange": [Function],
              "placeholder": "Add a comment...",
              "type": "text",
              "value": "",
            },
            "ref": null,
            "rendered": null,
            "type": "input",
          },
          Object {
            "instance": null,
            "key": undefined,
            "nodeType": "host",
            "props": Object {
              "children": Array [
                "Rating from state: ",
                0,
              ],
            },
            "ref": null,
            "rendered": Array [
              "Rating from state: ",
              0,
            ],
            "type": "h2",
          },
          Object {
            "instance": null,
            "key": undefined,
            "nodeType": "class",
            "props": Object {
              "className": "star-ratings",
              "editing": true,
              "emptyStarColor": "#000",
              "name": "rate1",
              "onStarClick": [Function],
              "starColor": "#ffb400",
              "starCount": 5,
              "value": 0,
            },
            "ref": null,
            "rendered": null,
            "type": [Function],
          },
          Object {
            "instance": null,
            "key": undefined,
            "nodeType": "host",
            "props": Object {
              "type": "submit",
            },
            "ref": null,
            "rendered": null,
            "type": "input",
          },
        ],
        "type": "form",
      },
      "type": "div",
    },
  ],
  Symbol(enzyme.__options__): Object {
    "adapter": ReactSixteenAdapter {
      "options": Object {
        "enableComponentDidUpdateOnSetState": true,
        "lifecycles": Object {
          "componentDidUpdate": Object {
            "onSetState": true,
          },
          "getDerivedStateFromProps": true,
          "getSnapshotBeforeUpdate": true,
          "setState": Object {
            "skipsComponentDidUpdateOnNullish": true,
          },
        },
      },
    },
  },
}
`;
